INFO:     Started server process [7812]
INFO:     Waiting for application startup.
INFO:     Application startup complete.
INFO:     Uvicorn running on http://127.0.0.1:8000 (Press CTRL+C to quit)
INFO:     127.0.0.1:58488 - "GET /docs HTTP/1.1" 200 OK
INFO:     127.0.0.1:58492 - "POST /api/shorten HTTP/1.1" 201 Created
INFO:     127.0.0.1:58494 - "POST /api/shorten HTTP/1.1" 201 Created
INFO:     127.0.0.1:59808 - "POST /api/shorten HTTP/1.1" 409 Conflict
INFO:     127.0.0.1:55314 - "POST /api/shorten HTTP/1.1" 201 Created
INFO:     127.0.0.1:57016 - "GET /1 HTTP/1.1" 302 Found
INFO:     127.0.0.1:57018 - "GET /mytest HTTP/1.1" 302 Found
INFO:     127.0.0.1:57020 - "GET /expiredlink HTTP/1.1" 410 Gone
INFO:     127.0.0.1:57023 - "GET /doesnotexist HTTP/1.1" 404 Not Found
INFO:     127.0.0.1:58108 - "GET /1 HTTP/1.1" 302 Found
INFO:     127.0.0.1:58111 - "GET /1 HTTP/1.1" 302 Found
INFO:     127.0.0.1:58113 - "GET /1 HTTP/1.1" 302 Found
INFO:     127.0.0.1:58115 - "GET /1 HTTP/1.1" 302 Found
INFO:     127.0.0.1:58117 - "GET /api/analytics/1 HTTP/1.1" 200 OK
INFO:     127.0.0.1:64687 - "GET /api/analytics/doesnotexist HTTP/1.1" 404 Not Found
INFO:     127.0.0.1:64689 - "POST /api/shorten HTTP/1.1" 422 Unprocessable Entity
INFO:     127.0.0.1:64691 - "POST /api/shorten HTTP/1.1" 422 Unprocessable Entity
INFO:     127.0.0.1:62876 - "OPTIONS /api/shorten HTTP/1.1" 200 OK
discarding closed connection: <psycopg.Connection [BAD] at 0x23f14879390>
INFO:     127.0.0.1:62876 - "POST /api/shorten HTTP/1.1" 500 Internal Server Error
ERROR:    Exception in ASGI application
Traceback (most recent call last):
  File "D:\side\url-shortener\backend\.venv\Lib\site-packages\uvicorn\protocols\http\httptools_impl.py", line 409, in run_asgi
    result = await app(  # type: ignore[func-returns-value]
             ^^^^^^^^^^^^^^^^^^^^^^^^^^^^^^^^^^^^^^^^^^^^^^
  File "D:\side\url-shortener\backend\.venv\Lib\site-packages\uvicorn\middleware\proxy_headers.py", line 60, in __call__
    return await self.app(scope, receive, send)
           ^^^^^^^^^^^^^^^^^^^^^^^^^^^^^^^^^^^^
  File "D:\side\url-shortener\backend\.venv\Lib\site-packages\fastapi\applications.py", line 1054, in __call__
    await super().__call__(scope, receive, send)
  File "D:\side\url-shortener\backend\.venv\Lib\site-packages\starlette\applications.py", line 113, in __call__
    await self.middleware_stack(scope, receive, send)
  File "D:\side\url-shortener\backend\.venv\Lib\site-packages\starlette\middleware\errors.py", line 187, in __call__
    raise exc
  File "D:\side\url-shortener\backend\.venv\Lib\site-packages\starlette\middleware\errors.py", line 165, in __call__
    await self.app(scope, receive, _send)
  File "D:\side\url-shortener\backend\.venv\Lib\site-packages\starlette\middleware\cors.py", line 93, in __call__
    await self.simple_response(scope, receive, send, request_headers=headers)
  File "D:\side\url-shortener\backend\.venv\Lib\site-packages\starlette\middleware\cors.py", line 144, in simple_response
    await self.app(scope, receive, send)
  File "D:\side\url-shortener\backend\.venv\Lib\site-packages\starlette\middleware\exceptions.py", line 62, in __call__
    await wrap_app_handling_exceptions(self.app, conn)(scope, receive, send)
  File "D:\side\url-shortener\backend\.venv\Lib\site-packages\starlette\_exception_handler.py", line 53, in wrapped_app
    raise exc
  File "D:\side\url-shortener\backend\.venv\Lib\site-packages\starlette\_exception_handler.py", line 42, in wrapped_app
    await app(scope, receive, sender)
  File "D:\side\url-shortener\backend\.venv\Lib\site-packages\starlette\routing.py", line 715, in __call__
    await self.middleware_stack(scope, receive, send)
  File "D:\side\url-shortener\backend\.venv\Lib\site-packages\starlette\routing.py", line 735, in app
    await route.handle(scope, receive, send)
  File "D:\side\url-shortener\backend\.venv\Lib\site-packages\starlette\routing.py", line 288, in handle
    await self.app(scope, receive, send)
  File "D:\side\url-shortener\backend\.venv\Lib\site-packages\starlette\routing.py", line 76, in app
    await wrap_app_handling_exceptions(app, request)(scope, receive, send)
  File "D:\side\url-shortener\backend\.venv\Lib\site-packages\starlette\_exception_handler.py", line 53, in wrapped_app
    raise exc
  File "D:\side\url-shortener\backend\.venv\Lib\site-packages\starlette\_exception_handler.py", line 42, in wrapped_app
    await app(scope, receive, sender)
  File "D:\side\url-shortener\backend\.venv\Lib\site-packages\starlette\routing.py", line 73, in app
    response = await f(request)
               ^^^^^^^^^^^^^^^^
  File "D:\side\url-shortener\backend\.venv\Lib\site-packages\fastapi\routing.py", line 301, in app
    raw_response = await run_endpoint_function(
                   ^^^^^^^^^^^^^^^^^^^^^^^^^^^^
  File "D:\side\url-shortener\backend\.venv\Lib\site-packages\fastapi\routing.py", line 214, in run_endpoint_function
    return await run_in_threadpool(dependant.call, **values)
           ^^^^^^^^^^^^^^^^^^^^^^^^^^^^^^^^^^^^^^^^^^^^^^^^^
  File "D:\side\url-shortener\backend\.venv\Lib\site-packages\starlette\concurrency.py", line 39, in run_in_threadpool
    return await anyio.to_thread.run_sync(func, *args)
           ^^^^^^^^^^^^^^^^^^^^^^^^^^^^^^^^^^^^^^^^^^^
  File "D:\side\url-shortener\backend\.venv\Lib\site-packages\anyio\to_thread.py", line 65, in run_sync
    return await get_async_backend().run_sync_in_worker_thread(
           ^^^^^^^^^^^^^^^^^^^^^^^^^^^^^^^^^^^^^^^^^^^^^^^^^^^^
  File "D:\side\url-shortener\backend\.venv\Lib\site-packages\anyio\_backends\_asyncio.py", line 2641, in run_sync_in_worker_thread
    return await future
           ^^^^^^^^^^^^
  File "D:\side\url-shortener\backend\.venv\Lib\site-packages\anyio\_backends\_asyncio.py", line 1033, in run
    result = context.run(func, *args)
             ^^^^^^^^^^^^^^^^^^^^^^^^
  File "D:\side\url-shortener\backend\app\routers\shorten.py", line 15, in shorten_url
    if crud.alias_exists(conn, payload.custom_alias):
       ^^^^^^^^^^^^^^^^^^^^^^^^^^^^^^^^^^^^^^^^^^^^^
  File "D:\side\url-shortener\backend\app\crud.py", line 23, in alias_exists
    row = conn.execute("SELECT 1 FROM urls WHERE short_code = %s", (alias,)).fetchone()
          ^^^^^^^^^^^^^^^^^^^^^^^^^^^^^^^^^^^^^^^^^^^^^^^^^^^^^^^^^^^^^^^^^^
  File "D:\side\url-shortener\backend\.venv\Lib\site-packages\psycopg\connection.py", line 251, in execute
    raise ex.with_traceback(None)
psycopg.OperationalError: consuming input failed: SSL SYSCALL error: EOF detected
INFO:     127.0.0.1:49324 - "OPTIONS /api/shorten HTTP/1.1" 200 OK
discarding closed connection: <psycopg.Connection [BAD] at 0x23f1487a950>
INFO:     127.0.0.1:49324 - "POST /api/shorten HTTP/1.1" 500 Internal Server Error
ERROR:    Exception in ASGI application
Traceback (most recent call last):
  File "D:\side\url-shortener\backend\.venv\Lib\site-packages\uvicorn\protocols\http\httptools_impl.py", line 409, in run_asgi
    result = await app(  # type: ignore[func-returns-value]
             ^^^^^^^^^^^^^^^^^^^^^^^^^^^^^^^^^^^^^^^^^^^^^^
  File "D:\side\url-shortener\backend\.venv\Lib\site-packages\uvicorn\middleware\proxy_headers.py", line 60, in __call__
    return await self.app(scope, receive, send)
           ^^^^^^^^^^^^^^^^^^^^^^^^^^^^^^^^^^^^
  File "D:\side\url-shortener\backend\.venv\Lib\site-packages\fastapi\applications.py", line 1054, in __call__
    await super().__call__(scope, receive, send)
  File "D:\side\url-shortener\backend\.venv\Lib\site-packages\starlette\applications.py", line 113, in __call__
    await self.middleware_stack(scope, receive, send)
  File "D:\side\url-shortener\backend\.venv\Lib\site-packages\starlette\middleware\errors.py", line 187, in __call__
    raise exc
  File "D:\side\url-shortener\backend\.venv\Lib\site-packages\starlette\middleware\errors.py", line 165, in __call__
    await self.app(scope, receive, _send)
  File "D:\side\url-shortener\backend\.venv\Lib\site-packages\starlette\middleware\cors.py", line 93, in __call__
    await self.simple_response(scope, receive, send, request_headers=headers)
  File "D:\side\url-shortener\backend\.venv\Lib\site-packages\starlette\middleware\cors.py", line 144, in simple_response
    await self.app(scope, receive, send)
  File "D:\side\url-shortener\backend\.venv\Lib\site-packages\starlette\middleware\exceptions.py", line 62, in __call__
    await wrap_app_handling_exceptions(self.app, conn)(scope, receive, send)
  File "D:\side\url-shortener\backend\.venv\Lib\site-packages\starlette\_exception_handler.py", line 53, in wrapped_app
    raise exc
  File "D:\side\url-shortener\backend\.venv\Lib\site-packages\starlette\_exception_handler.py", line 42, in wrapped_app
    await app(scope, receive, sender)
  File "D:\side\url-shortener\backend\.venv\Lib\site-packages\starlette\routing.py", line 715, in __call__
    await self.middleware_stack(scope, receive, send)
  File "D:\side\url-shortener\backend\.venv\Lib\site-packages\starlette\routing.py", line 735, in app
    await route.handle(scope, receive, send)
  File "D:\side\url-shortener\backend\.venv\Lib\site-packages\starlette\routing.py", line 288, in handle
    await self.app(scope, receive, send)
  File "D:\side\url-shortener\backend\.venv\Lib\site-packages\starlette\routing.py", line 76, in app
    await wrap_app_handling_exceptions(app, request)(scope, receive, send)
  File "D:\side\url-shortener\backend\.venv\Lib\site-packages\starlette\_exception_handler.py", line 53, in wrapped_app
    raise exc
  File "D:\side\url-shortener\backend\.venv\Lib\site-packages\starlette\_exception_handler.py", line 42, in wrapped_app
    await app(scope, receive, sender)
  File "D:\side\url-shortener\backend\.venv\Lib\site-packages\starlette\routing.py", line 73, in app
    response = await f(request)
               ^^^^^^^^^^^^^^^^
  File "D:\side\url-shortener\backend\.venv\Lib\site-packages\fastapi\routing.py", line 301, in app
    raw_response = await run_endpoint_function(
                   ^^^^^^^^^^^^^^^^^^^^^^^^^^^^
  File "D:\side\url-shortener\backend\.venv\Lib\site-packages\fastapi\routing.py", line 214, in run_endpoint_function
    return await run_in_threadpool(dependant.call, **values)
           ^^^^^^^^^^^^^^^^^^^^^^^^^^^^^^^^^^^^^^^^^^^^^^^^^
  File "D:\side\url-shortener\backend\.venv\Lib\site-packages\starlette\concurrency.py", line 39, in run_in_threadpool
    return await anyio.to_thread.run_sync(func, *args)
           ^^^^^^^^^^^^^^^^^^^^^^^^^^^^^^^^^^^^^^^^^^^
  File "D:\side\url-shortener\backend\.venv\Lib\site-packages\anyio\to_thread.py", line 65, in run_sync
    return await get_async_backend().run_sync_in_worker_thread(
           ^^^^^^^^^^^^^^^^^^^^^^^^^^^^^^^^^^^^^^^^^^^^^^^^^^^^
  File "D:\side\url-shortener\backend\.venv\Lib\site-packages\anyio\_backends\_asyncio.py", line 2641, in run_sync_in_worker_thread
    return await future
           ^^^^^^^^^^^^
  File "D:\side\url-shortener\backend\.venv\Lib\site-packages\anyio\_backends\_asyncio.py", line 1033, in run
    result = context.run(func, *args)
             ^^^^^^^^^^^^^^^^^^^^^^^^
  File "D:\side\url-shortener\backend\app\routers\shorten.py", line 15, in shorten_url
    if crud.alias_exists(conn, payload.custom_alias):
       ^^^^^^^^^^^^^^^^^^^^^^^^^^^^^^^^^^^^^^^^^^^^^
  File "D:\side\url-shortener\backend\app\crud.py", line 23, in alias_exists
    row = conn.execute("SELECT 1 FROM urls WHERE short_code = %s", (alias,)).fetchone()
          ^^^^^^^^^^^^^^^^^^^^^^^^^^^^^^^^^^^^^^^^^^^^^^^^^^^^^^^^^^^^^^^^^^
  File "D:\side\url-shortener\backend\.venv\Lib\site-packages\psycopg\connection.py", line 251, in execute
    raise ex.with_traceback(None)
psycopg.OperationalError: sending query failed: server closed the connection unexpectedly
	This probably means the server terminated abnormally
	before or while processing the request.
server closed the connection unexpectedly
	This probably means the server terminated abnormally
	before or while processing the request.
INFO:     127.0.0.1:50985 - "OPTIONS /api/shorten HTTP/1.1" 200 OK
INFO:     127.0.0.1:55756 - "POST /api/shorten HTTP/1.1" 201 Created
INFO:     127.0.0.1:51924 - "GET /docs HTTP/1.1" 200 OK
